// Jest Snapshot v1, https://goo.gl/fbAQLP

exports[`Render HomeSearchBar correctly 1`] = `
<div
  className="input-group input-group-lg"
>
  <input
    className="form-control"
    id="provider_input"
    placeholder="Search for providers"
    type="text"
  />
  <input
    className="form-control"
    id="zip_code_input"
    placeholder="Zip code"
    type="text"
  />
  <div
    className="input-group-append"
  >
    <button
      className="btn btn-primary"
      onClick={[Function]}
      type="button"
    >
      Search
    </button>
  </div>
</div>
`;
